
> ai-orchestrator-frontend@0.1.0 test
> vitest run

node.exe : [33mThe CJS build of Vite's Node API is deprecated. See 
https://vite.dev/guide/troubleshooting.html#vite-cjs-node-api-deprecated for 
more details.[39m
At line:1 char:1
+ & "C:\Program Files\nodejs/node.exe" "C:\Program Files\nodejs/node_mo ...
+ ~~~~~~~~~~~~~~~~~~~~~~~~~~~~~~~~~~~~~~~~~~~~~~~~~~~~~~~~~~~~~~~~~~~~~
    + CategoryInfo          : NotSpecified: ([33mThe CJS bu...e details.[39m 
   :String) [], RemoteException
    + FullyQualifiedErrorId : NativeCommandError
 

[1m[7m[36m RUN [39m[27m[22m [36mv2.1.9 [39m[90mC:/Users/MERAB/OneDrive/Antigravity/Ai Orchestrator/frontend[39m

 [32mÔ£ô[39m src/lib/routes.test.ts [2m([22m[2m2 tests[22m[2m)[22m[90m 12[2mms[22m[39m
 [32mÔ£ô[39m src/services/orchestratorApi.test.ts [2m([22m[2m4 tests[22m[2m)[22m[90m 35[2mms[22m[39m
 [32mÔ£ô[39m src/components/ops/PlatformOpsPage.test.tsx [2m([22m[2m1 test[22m[2m)[22m[90m 195[2mms[22m[39m
 [32mÔ£ô[39m src/hooks/useDashboard.test.tsx [2m([22m[2m3 tests[22m[2m)[22m[33m 378[2mms[22m[39m
 [32mÔ£ô[39m src/components/dashboard/AuthPanel.test.tsx [2m([22m[2m3 tests[22m[2m)[22m[33m 308[2mms[22m[39m
 [32mÔ£ô[39m src/components/marketing/MarketingPage.test.tsx [2m([22m[2m2 tests[22m[2m)[22m[33m 801[2mms[22m[39m
   [33m[2mÔ£ô[22m[39m MarketingPage[2m > [22mrenders route navigation links in the shared marketing layout [33m565[2mms[22m[39m
 [31mÔØ»[39m src/components/dashboard/DashboardPage.test.tsx [2m([22m[2m2 tests[22m[2m | [22m[31m1 failed[39m[2m)[22m[33m 705[2mms[22m[39m
[31m   [31m├ù[31m DashboardPage[2m > [22mrenders dashboard metrics, demo callout, and workflow sections on the happy path[33m 631[2mms[22m[31m[39m
[31m     ÔåÆ Found multiple elements with the text: Ops Flow

Here are the matching elements:

Ignored nodes: comments, script, style
[36m<strong>[31m
  [0mOps Flow[0m
[36m</strong>[31m

Ignored nodes: comments, script, style
[36m<h3>[31m
  [0mOps Flow[0m
[36m</h3>[31m

Ignored nodes: comments, script, style
[36m<h2>[31m
  [0mOps Flow[0m
[36m</h2>[31m

(If this is intentional, then use the `*AllBy*` variant of the query (like `queryAllByText`, `getAllByText`, or `findAllByText`)).

Ignored nodes: comments, script, style
[36m<body>[31m
  [36m<div>[31m
    [36m<main[31m
      [33mclass[31m=[32m"shell"[31m
    [36m>[31m
      [36m<nav[31m
        [33maria-label[31m=[32m"Page sections"[31m
        [33mclass[31m=[32m"section-nav panel"[31m
      [36m>[31m
        [36m<a[31m
          [33mhref[31m=[32m"#platform-overview"[31m
        [36m>[31m
          [0mOverview[0m
        [36m</a>[31m
        [36m<a[31m
          [33mhref[31m=[32m"#solution-pages"[31m
        [36m>[31m
          [0mSolution Pages[0m
        [36m</a>[31m
        [36m<a[31m
          [33mhref[31m=[32m"#workflow-registry"[31m
        [36m>[31m
          [0mWorkflows[0m
        [36m</a>[31m
        [36m<a[31m
          [33mhref[31m=[32m"#execution-detail"[31m
        [36m>[31m
          [0mExecution Detail[0m
        [36m</a>[31m
        [36m<a[31m
          [33mhref[31m=[32m"#recent-activity"[31m
        [36m>[31m
          [0mRecent Activity[0m
        [36m</a>[31m
        [36m<a[31m
          [33mhref[31m=[32m"/platform-ops"[31m
        [36m>[31m
          [0mPlatform Ops[0m
        [36m</a>[31m
      [36m</nav>[31m
      [36m<section[31m
        [33mclass[31m=[32m"hero panel"[31m
        [33mid[31m=[32m"platform-overview"[31m
      [36m>[31m
        [36m<div>[31m
          [36m<p[31m
            [33mclass[31m=[32m"eyebrow"[31m
          [36m>[31m
            [0mAI operations control plane[0m
          [36m</p>[31m
          [36m<h1>[31m
            [0mShip orchestrated AI work with visibility, retries, and live execution context.[0m
          [36m</h1>[31m
          [36m<p[31m
            [33mclass[31m=[32m"lead"[31m
          [36m>[31m
            [0mThis dashboard turns the starter project into a working system: seeded workflows, health and overview APIs, execution queues, and a frontend that can monitor the whole loop.[0m
          [36m</p>[31m
          [36m<p[31m
            [33mclass[31m=[32m"lead compact"[31m
          [36m>[31m
            [0mUse AI Orchestrator to manage AI workflow orchestration, coordinate multiple agents, and keep your AI operations stack crawlable, observable, and ready to scale.[0m
          [36m</p>[31m
        [36m</div>[31m
        [36m<div[31m
          [33mclass[31m=[32m"hero-meta"[31m
        [36m>[31m
          [36m<div>[31m
            [36m<span>[31m
              [0mAPI[0m
            [36m</span>[31m
            [36m<strong>[31m
              [0mhttp://localhost:8000[0m
            [36m</strong>[31m
          [36m</div>[31m
          [36m<div>[31m
            [36m<span>[31m
              [0mMode[0m
            [36m</span>[31m
            [36m<strong>[31m
              [0mPublic demo[0m
            [36m</strong>[31m
          [36m</div>[31m
          [36m<div>[31m
            [36m<span>[31m
              [0mSelected workflow[0m
            [36m</span>[31m
            [36m<strong>[31m
              [0mOps Flow[0m
            [36m</strong>[31m
          [36m</div>[31m
        [36m</div>[31m
      [36m</section>[31m
      [36m<section[31m
        [33mclass[31m=[32m"panel prose-card"[31m
      [36m>[31m
        [36m<div[31m
          [33mclass[31m=[32m"section-header"[31m
        [36m>[31m
          [36m<div>[31m
            [36m<p[31m
              [33mclass[31m=[32m"eyebrow"[31m
            [36m>[31m
              [0m60-second demo[0m
            [36m</p>[31m
            [36m<h2>[31m
              [0mShow the value before you explain the architecture[0m
            [36m</h2>[31m
          [36m</div>[31m
        [36m</div>[31m
        [36m<p>[31m
          [0mThis environment is running in public demo mode. Start with a seeded workflow, dispatch one new task, then retry a failed step to show how AI Orchestrator keeps execution visible and recoverable.[0m
        [36m</p>[31m
        [36m<div[31m
          [33mclass[31m=[32m"actions"[31m
        [36m>[31m
          [36m<button[31m
            [33mclass[31m=[32m"btn"[31m
            [33mtype[31m=[32m"button"[31m
          [36m>[31m
            [0mReset demo data[0m
          [36m</button>[31m
          [36m<a[31m
            [33mclass[31m=[32m"btn btn-muted"[31m
            [33mhref[31m=[32m"/platform-ops"[31m
          [36m>[31m
            [0mView platform ops[0m
          [36m</a>[31m
        [36m</div>[31m
      [36m</section>[31m
      [36m<section[31m
        [33mclass[31m=[32m"panel prose-card"[31m
        [33mid[31m=[32m"solution-pages"[31m
      [36m>[31m
        [36m<div[31m
          [33mclass[31m=[32m"section-header"[31m
        [36m>[31m
          [36m<div>[31m
            [36m<p[31m
              [33mclass[31m=[32m"eyebrow"[31m
            [36m>[31m
              [0mSEO route structure[0m
            [36m</p>[31m
            [36m<h2>[31m
              [0mExplore the main solution pages[0m
            [36m</h2>[31m
          [36m</div>[31m
        [36m</div>[31m
        [36m<div[31m
          [33mclass[31m=[32m"route-grid"[31m
        [36m>[31m
          [36m<a[31m
            [33mclass[31m=[32m"route-card"[31m
            [33mhref[31m=[32m"/ai-workflow-orchestration"[31m
          [36m>[31m
            [36m<strong>[31m
              [0mWorkflow Orchestration[0m
            [36m</strong>[31m
            [36m<span>[31m
              [0mSystem design, task routing, retries, and process control.[0m
            [36m</span>[31m
          [36m</a>[31m
          [36m<a[31m
            [33mclass[31m=[32m"route-card"[31m
            [33mhref[31m=[32m"/multi-agent-orchestration"[31m
          [36m>[31m
            [36m<strong>[31m
              [0mMulti-Agent Orchestration[0m
            [36m</strong>[31m
            [36m<span>[31m
              [0mPlanner, researcher, critic, and executor coordination.[0m
            [36m</span>[31m
          [36m</a>[31m
          [36m<a[31m
            [33mclass[31m=[32m"route-card"[31m
            [33mhref[31m=[32m"/ai-operations-dashboard"[31m
          [36m>[31m
            [36m<strong>[31m
              [0mAI Operations Dashboard[0m
            [36m</strong>[31m
            [36m<span>[31m
              [0mMonitoring, workflow health, recent activity, and execution oversight.[0m
            [36m</span>[31m
          [36m</a>[31m
          [36m<a[31m
            [33mclass[31m=[32m"route-card"[31m
            [33mhref[31m=[32m"/ai-workflow-automation-use-cases"[31m
          [36m>[31m
            [36m<strong>[31m
              [0mWorkflow Use Cases[0m
            [36m</strong>[31m
            [36m<span>[31m
              [0mPractical AI workflow automation examples for operations, support, and growth teams.[0m
            [36m</span>[31m
      ...[39m
 [32mÔ£ô[39m src/lib/format.test.ts [2m([22m[2m2 tests[22m[2m)[22m[90m 61[2mms[22m[39m
 [32mÔ£ô[39m src/lib/seo.test.ts [2m([22m[2m2 tests[22m[2m)[22m[90m 8[2mms[22m[39m

[31mÔÄ»ÔÄ»ÔÄ»ÔÄ»ÔÄ»ÔÄ»ÔÄ»[1m[7m Failed Tests 1 
[27m[22mÔÄ»ÔÄ»ÔÄ»ÔÄ»ÔÄ»ÔÄ»ÔÄ»[39m

[31m[1m[7m FAIL [27m[22m[39m 
src/components/dashboard/DashboardPage.test.tsx[2m > [22mDashboardPage[2m > 
[22mrenders dashboard metrics, demo callout, and workflow sections on the 
happy path
[31m[1mTestingLibraryElementError[22m[39m: Found multiple elements with 
the text: Ops Flow

Here are the matching elements:

Ignored nodes: comments, script, style
[36m<strong>[39m
  [0mOps Flow[0m
[36m</strong>[39m

Ignored nodes: comments, script, style
[36m<h3>[39m
  [0mOps Flow[0m
[36m</h3>[39m

Ignored nodes: comments, script, style
[36m<h2>[39m
  [0mOps Flow[0m
[36m</h2>[39m

(If this is intentional, then use the `*AllBy*` variant of the query (like 
`queryAllByText`, `getAllByText`, or `findAllByText`)).

Ignored nodes: comments, script, style
[36m<body>[39m
  [36m<div>[39m
    [36m<main[39m
      [33mclass[39m=[32m"shell"[39m
    [36m>[39m
      [36m<nav[39m
        [33maria-label[39m=[32m"Page sections"[39m
        [33mclass[39m=[32m"section-nav panel"[39m
      [36m>[39m
        [36m<a[39m
          [33mhref[39m=[32m"#platform-overview"[39m
        [36m>[39m
          [0mOverview[0m
        [36m</a>[39m
        [36m<a[39m
          [33mhref[39m=[32m"#solution-pages"[39m
        [36m>[39m
          [0mSolution Pages[0m
        [36m</a>[39m
        [36m<a[39m
          [33mhref[39m=[32m"#workflow-registry"[39m
        [36m>[39m
          [0mWorkflows[0m
        [36m</a>[39m
        [36m<a[39m
          [33mhref[39m=[32m"#execution-detail"[39m
        [36m>[39m
          [0mExecution Detail[0m
        [36m</a>[39m
        [36m<a[39m
          [33mhref[39m=[32m"#recent-activity"[39m
        [36m>[39m
          [0mRecent Activity[0m
        [36m</a>[39m
        [36m<a[39m
          [33mhref[39m=[32m"/platform-ops"[39m
        [36m>[39m
          [0mPlatform Ops[0m
        [36m</a>[39m
      [36m</nav>[39m
      [36m<section[39m
        [33mclass[39m=[32m"hero panel"[39m
        [33mid[39m=[32m"platform-overview"[39m
      [36m>[39m
        [36m<div>[39m
          [36m<p[39m
            [33mclass[39m=[32m"eyebrow"[39m
          [36m>[39m
            [0mAI operations control plane[0m
          [36m</p>[39m
          [36m<h1>[39m
            [0mShip orchestrated AI work with visibility, retries, and live 
execution context.[0m
          [36m</h1>[39m
          [36m<p[39m
            [33mclass[39m=[32m"lead"[39m
          [36m>[39m
            [0mThis dashboard turns the starter project into a working 
system: seeded workflows, health and overview APIs, execution queues, and a 
frontend that can monitor the whole loop.[0m
          [36m</p>[39m
          [36m<p[39m
            [33mclass[39m=[32m"lead compact"[39m
          [36m>[39m
            [0mUse AI Orchestrator to manage AI workflow orchestration, 
coordinate multiple agents, and keep your AI operations stack crawlable, 
observable, and ready to scale.[0m
          [36m</p>[39m
        [36m</div>[39m
        [36m<div[39m
          [33mclass[39m=[32m"hero-meta"[39m
        [36m>[39m
          [36m<div>[39m
            [36m<span>[39m
              [0mAPI[0m
            [36m</span>[39m
            [36m<strong>[39m
              [0mhttp://localhost:8000[0m
            [36m</strong>[39m
          [36m</div>[39m
          [36m<div>[39m
            [36m<span>[39m
              [0mMode[0m
            [36m</span>[39m
            [36m<strong>[39m
              [0mPublic demo[0m
            [36m</strong>[39m
          [36m</div>[39m
          [36m<div>[39m
            [36m<span>[39m
              [0mSelected workflow[0m
            [36m</span>[39m
            [36m<strong>[39m
              [0mOps Flow[0m
            [36m</strong>[39m
          [36m</div>[39m
        [36m</div>[39m
      [36m</section>[39m
      [36m<section[39m
        [33mclass[39m=[32m"panel prose-card"[39m
      [36m>[39m
        [36m<div[39m
          [33mclass[39m=[32m"section-header"[39m
        [36m>[39m
          [36m<div>[39m
            [36m<p[39m
              [33mclass[39m=[32m"eyebrow"[39m
            [36m>[39m
              [0m60-second demo[0m
            [36m</p>[39m
            [36m<h2>[39m
              [0mShow the value before you explain the architecture[0m
            [36m</h2>[39m
          [36m</div>[39m
        [36m</div>[39m
        [36m<p>[39m
          [0mThis environment is running in public demo mode. Start with a 
seeded workflow, dispatch one new task, then retry a failed step to show how 
AI Orchestrator keeps execution visible and recoverable.[0m
        [36m</p>[39m
        [36m<div[39m
          [33mclass[39m=[32m"actions"[39m
        [36m>[39m
          [36m<button[39m
            [33mclass[39m=[32m"btn"[39m
            [33mtype[39m=[32m"button"[39m
          [36m>[39m
            [0mReset demo data[0m
          [36m</button>[39m
          [36m<a[39m
            [33mclass[39m=[32m"btn btn-muted"[39m
            [33mhref[39m=[32m"/platform-ops"[39m
          [36m>[39m
            [0mView platform ops[0m
          [36m</a>[39m
        [36m</div>[39m
      [36m</section>[39m
      [36m<section[39m
        [33mclass[39m=[32m"panel prose-card"[39m
        [33mid[39m=[32m"solution-pages"[39m
      [36m>[39m
        [36m<div[39m
          [33mclass[39m=[32m"section-header"[39m
        [36m>[39m
          [36m<div>[39m
            [36m<p[39m
              [33mclass[39m=[32m"eyebrow"[39m
            [36m>[39m
              [0mSEO route structure[0m
            [36m</p>[39m
            [36m<h2>[39m
              [0mExplore the main solution pages[0m
            [36m</h2>[39m
          [36m</div>[39m
        [36m</div>[39m
        [36m<div[39m
          [33mclass[39m=[32m"route-grid"[39m
        [36m>[39m
          [36m<a[39m
            [33mclass[39m=[32m"route-card"[39m
            [33mhref[39m=[32m"/ai-workflow-orchestration"[39m
          [36m>[39m
            [36m<strong>[39m
              [0mWorkflow Orchestration[0m
            [36m</strong>[39m
            [36m<span>[39m
              [0mSystem design, task routing, retries, and process 
control.[0m
            [36m</span>[39m
          [36m</a>[39m
          [36m<a[39m
            [33mclass[39m=[32m"route-card"[39m
            [33mhref[39m=[32m"/multi-agent-orchestration"[39m
          [36m>[39m
            [36m<strong>[39m
              [0mMulti-Agent Orchestration[0m
            [36m</strong>[39m
            [36m<span>[39m
              [0mPlanner, researcher, critic, and executor coordination.[0m
            [36m</span>[39m
          [36m</a>[39m
          [36m<a[39m
            [33mclass[39m=[32m"route-card"[39m
            [33mhref[39m=[32m"/ai-operations-dashboard"[39m
          [36m>[39m
            [36m<strong>[39m
              [0mAI Operations Dashboard[0m
            [36m</strong>[39m
            [36m<span>[39m
              [0mMonitoring, workflow health, recent activity, and execution 
oversight.[0m
            [36m</span>[39m
          [36m</a>[39m
          [36m<a[39m
            [33mclass[39m=[32m"route-card"[39m
            [33mhref[39m=[32m"/ai-workflow-automation-use-cases"[39m
          [36m>[39m
            [36m<strong>[39m
              [0mWorkflow Use Cases[0m
            [36m</strong>[39m
            [36m<span>[39m
              [0mPractical AI workflow automation examples for operations, 
support, and growth teams.[0m
            [36m</span>[39m
      ...
[90m [2mÔØ»[22m Object.getElementError 
node_modules/@testing-library/dom/dist/config.js:[2m37:19[22m[39m
[90m [2mÔØ»[22m getElementError 
node_modules/@testing-library/dom/dist/query-helpers.js:[2m20:35[22m[39m
[90m [2mÔØ»[22m getMultipleElementsFoundError 
node_modules/@testing-library/dom/dist/query-helpers.js:[2m23:10[22m[39m
[90m [2mÔØ»[22m 
node_modules/@testing-library/dom/dist/query-helpers.js:[2m55:13[22m[39m
[90m [2mÔØ»[22m 
node_modules/@testing-library/dom/dist/query-helpers.js:[2m95:19[22m[39m
[36m [2mÔØ»[22m 
src/components/dashboard/DashboardPage.test.tsx:[2m92:19[22m[39m
    [90m 90| [39m    
[34mexpect[39m(screen[33m.[39m[34mgetByText[39m([32m'Reset demo 
data'[39m))[33m.[39m[34mtoBeTruthy[39m()
    [90m 91| [39m    [34mexpect[39m(screen[33m.[39m[34mgetAllByText[39m
([32m'Workflows'[39m)[[34m0[39m])[33m.[39m[34mtoBeTruthy[39m()
    [90m 92| [39m    
[34mexpect[39m(screen[33m.[39m[34mgetByText[39m([32m'Ops 
Flow'[39m))[33m.[39m[34mtoBeTruthy[39m()
    [90m   | [39m                  [31m^[39m
    [90m 93| [39m    
[34mexpect[39m(screen[33m.[39m[34mgetByText[39m([32m'Platform 
Ops'[39m))[33m.[39m[34mtoBeTruthy[39m()
    [90m 94| [39m  })

[31m[2mÔÄ»ÔÄ»ÔÄ»ÔÄ»ÔÄ»ÔÄ»ÔÄ»ÔÄ»ÔÄ»ÔÄ»ÔÄ»ÔÄ»ÔÄ»ÔÄ»ÔÄ»ÔÄ»ÔÄ»ÔÄ»ÔÄ»ÔÄ»ÔÄ»ÔÄ»ÔÄ»Ô
Ä»[1/1]ÔÄ»[22m[39m

[2m Test Files [22m [1m[31m1 failed[39m[22m[2m | [22m[1m[32m8 passed[39m[22m[90m (9)[39m
[2m      Tests [22m [1m[31m1 failed[39m[22m[2m | [22m[1m[32m20 passed[39m[22m[90m (21)[39m
[2m   Start at [22m 11:34:07
[2m   Duration [22m 9.61s[2m (transform 1.52s, setup 195ms, collect 6.45s, tests 2.50s, environment 29.61s, prepare 4.28s)[22m

